// Jest Snapshot v1, https://goo.gl/fbAQLP

exports[`json-refs Should resolve complex refs 1`] = `
Object {
  "refs": Object {
    "#/$defs/address": Object {
      "properties": Object {
        "id": Object {
          "$ref": "#/$defs/id",
        },
        "num": Object {
          "$ref": "#/$defs/test%25percent",
        },
        "price": Object {
          "$ref": "#/$defs/test~1slash",
        },
        "street": Object {
          "$ref": "#/$defs/title",
        },
        "town": Object {
          "$ref": "#/$defs/test~0tilde",
        },
      },
      "type": "object",
    },
    "#/$defs/id": Object {
      "maxLength": 4,
      "minLength": 3,
      "type": "string",
    },
    "#/$defs/test%25percent": Object {
      "type": "integer",
    },
    "#/$defs/test~0tilde": Object {
      "type": "string",
    },
    "#/$defs/test~1slash": Object {
      "type": "number",
    },
    "#/$defs/title": Object {
      "pattern": "^[A-Z]",
      "type": "string",
    },
  },
  "schema": Object {
    "$defs": Object {
      "address": Object {
        "properties": Object {
          "id": Object {
            "$ref": "#/$defs/id",
          },
          "num": Object {
            "$ref": "#/$defs/test%25percent",
          },
          "price": Object {
            "$ref": "#/$defs/test~1slash",
          },
          "street": Object {
            "$ref": "#/$defs/title",
          },
          "town": Object {
            "$ref": "#/$defs/test~0tilde",
          },
        },
        "type": "object",
      },
      "id": Object {
        "maxLength": 4,
        "minLength": 3,
        "type": "string",
      },
      "test%percent": Object {
        "type": "integer",
      },
      "test/slash": Object {
        "type": "number",
      },
      "test~tilde": Object {
        "type": "string",
      },
      "title": Object {
        "pattern": "^[A-Z]",
        "type": "string",
      },
    },
    "properties": Object {
      "mangled": Object {
        "$ref": "#/$defs/unknown/more-unknown",
      },
      "user": Object {
        "properties": Object {
          "address": Object {
            "$ref": "#/$defs/address",
          },
          "id": Object {
            "$ref": "#/$defs/id",
          },
          "name": Object {
            "$ref": "#/$defs/title",
          },
        },
        "type": "object",
      },
    },
    "type": "object",
  },
  "uris": Array [],
}
`;

exports[`json-refs Should resolve nested recursive with files 1`] = `
Object {
  "refs": Object {
    "http://localhost:1234/node": Object {
      "$id": "http://localhost:1234/node",
      "description": "node",
      "properties": Object {
        "subtree": Object {
          "$ref": "http://localhost:1234/tree#",
        },
        "value": Object {
          "type": "number",
        },
      },
      "required": Array [
        "value",
      ],
      "type": "object",
    },
    "http://localhost:1234/node#": Object {
      "$id": "http://localhost:1234/node",
      "description": "node",
      "properties": Object {
        "subtree": Object {
          "$ref": "http://localhost:1234/tree#",
        },
        "value": Object {
          "type": "number",
        },
      },
      "required": Array [
        "value",
      ],
      "type": "object",
    },
    "http://localhost:1234/tree": Object {
      "$defs": Object {
        "node": Object {
          "$id": "http://localhost:1234/node",
          "description": "node",
          "properties": Object {
            "subtree": Object {
              "$ref": "http://localhost:1234/tree#",
            },
            "value": Object {
              "type": "number",
            },
          },
          "required": Array [
            "value",
          ],
          "type": "object",
        },
      },
      "$id": "http://localhost:1234/tree",
      "description": "tree of nodes",
      "properties": Object {
        "meta": Object {
          "type": "string",
        },
        "nodes": Object {
          "items": Object {
            "$ref": "http://localhost:1234/node#",
          },
          "type": "array",
        },
      },
      "required": Array [
        "meta",
        "nodes",
      ],
      "type": "object",
    },
    "http://localhost:1234/tree#": Object {
      "$defs": Object {
        "node": Object {
          "$id": "http://localhost:1234/node",
          "description": "node",
          "properties": Object {
            "subtree": Object {
              "$ref": "http://localhost:1234/tree#",
            },
            "value": Object {
              "type": "number",
            },
          },
          "required": Array [
            "value",
          ],
          "type": "object",
        },
      },
      "$id": "http://localhost:1234/tree",
      "description": "tree of nodes",
      "properties": Object {
        "meta": Object {
          "type": "string",
        },
        "nodes": Object {
          "items": Object {
            "$ref": "http://localhost:1234/node#",
          },
          "type": "array",
        },
      },
      "required": Array [
        "meta",
        "nodes",
      ],
      "type": "object",
    },
  },
  "schema": Object {
    "$defs": Object {
      "node": Object {
        "$id": "http://localhost:1234/node",
        "description": "node",
        "properties": Object {
          "subtree": Object {
            "$ref": "http://localhost:1234/tree#",
          },
          "value": Object {
            "type": "number",
          },
        },
        "required": Array [
          "value",
        ],
        "type": "object",
      },
    },
    "$id": "http://localhost:1234/tree",
    "description": "tree of nodes",
    "properties": Object {
      "meta": Object {
        "type": "string",
      },
      "nodes": Object {
        "items": Object {
          "$ref": "http://localhost:1234/node#",
        },
        "type": "array",
      },
    },
    "required": Array [
      "meta",
      "nodes",
    ],
    "type": "object",
  },
  "uris": Array [],
}
`;
