// Jest Snapshot v1, https://goo.gl/fbAQLP

exports[`json-refs openapi 1`] = `Promise {}`;

exports[`json-refs simple 1`] = `Promise {}`;
