// Jest Snapshot v1, https://goo.gl/fbAQLP

exports[`Integration Should process response 1`] = `
Array [
  Array [
    "error",
    "Path GET /unknown-url not found",
    Object {
      "error": [Error: Path GET /unknown-url not found],
      "method": "GET",
      "path": "/unknown-url",
    },
  ],
  Array [
    "error",
    "unknown",
    Object {
      "error": [Error: unknown],
      "method": "GET",
      "path": "/error",
    },
  ],
  Array [
    "error",
    "Path GET /.well-known/health-check/other not found",
    Object {
      "error": [Error: Path GET /.well-known/health-check/other not found],
      "method": "GET",
      "path": "/.well-known/health-check/other",
    },
  ],
  Array [
    "debug",
    "Getting id 10",
  ],
  Array [
    "debug",
    "Getting id 20",
  ],
  Array [
    "debug",
    "Getting id 30",
  ],
  Array [
    "error",
    "No User Found",
    Object {
      "error": [Error: No User Found],
      "method": "GET",
      "path": "/users/30",
    },
  ],
  Array [
    "debug",
    "Getting id 10",
  ],
  Array [
    "debug",
    "Getting id 10",
  ],
  Array [
    "error",
    "No User Found",
    Object {
      "error": [Error: No User Found],
      "method": "GET",
      "path": "/users/10",
    },
  ],
  Array [
    "debug",
    "Test Body Added",
  ],
  Array [
    "debug",
    "Getting id 30",
  ],
]
`;
